java-1.8.0-openjdk-jre-1.8.0.332-1.b09.int.windows.x86_64/
java-1.8.0-openjdk-jre-1.8.0.332-1.b09.int.windows.x86_64/bin/
java-1.8.0-openjdk-jre-1.8.0.332-1.b09.int.windows.x86_64/bin/attach.dll
java-1.8.0-openjdk-jre-1.8.0.332-1.b09.int.windows.x86_64/bin/awt.dll
java-1.8.0-openjdk-jre-1.8.0.332-1.b09.int.windows.x86_64/bin/dt_shmem.dll
java-1.8.0-openjdk-jre-1.8.0.332-1.b09.int.windows.x86_64/bin/dt_socket.dll
java-1.8.0-openjdk-jre-1.8.0.332-1.b09.int.windows.x86_64/bin/fontmanager.dll
java-1.8.0-openjdk-jre-1.8.0.332-1.b09.int.windows.x86_64/bin/freetype.dll
java-1.8.0-openjdk-jre-1.8.0.332-1.b09.int.windows.x86_64/bin/hprof.dll
java-1.8.0-openjdk-jre-1.8.0.332-1.b09.int.windows.x86_64/bin/instrument.dll
java-1.8.0-openjdk-jre-1.8.0.332-1.b09.int.windows.x86_64/bin/j2pcsc.dll
java-1.8.0-openjdk-jre-1.8.0.332-1.b09.int.windows.x86_64/bin/j2pkcs11.dll
java-1.8.0-openjdk-jre-1.8.0.332-1.b09.int.windows.x86_64/bin/jaas_nt.dll
java-1.8.0-openjdk-jre-1.8.0.332-1.b09.int.windows.x86_64/bin/jabswitch.exe
java-1.8.0-openjdk-jre-1.8.0.332-1.b09.int.windows.x86_64/bin/java-rmi.exe
java-1.8.0-openjdk-jre-1.8.0.332-1.b09.int.windows.x86_64/bin/java.dll
java-1.8.0-openjdk-jre-1.8.0.332-1.b09.int.windows.x86_64/bin/java.exe
java-1.8.0-openjdk-jre-1.8.0.332-1.b09.int.windows.x86_64/bin/JavaAccessBridge-64.dll
java-1.8.0-openjdk-jre-1.8.0.332-1.b09.int.windows.x86_64/bin/javaw.exe
java-1.8.0-openjdk-jre-1.8.0.332-1.b09.int.windows.x86_64/bin/java_crw_demo.dll
java-1.8.0-openjdk-jre-1.8.0.332-1.b09.int.windows.x86_64/bin/jawt.dll
java-1.8.0-openjdk-jre-1.8.0.332-1.b09.int.windows.x86_64/bin/JAWTAccessBridge-64.dll
java-1.8.0-openjdk-jre-1.8.0.332-1.b09.int.windows.x86_64/bin/jdwp.dll
java-1.8.0-openjdk-jre-1.8.0.332-1.b09.int.windows.x86_64/bin/jjs.exe
java-1.8.0-openjdk-jre-1.8.0.332-1.b09.int.windows.x86_64/bin/jli.dll
java-1.8.0-openjdk-jre-1.8.0.332-1.b09.int.windows.x86_64/bin/jpeg.dll
java-1.8.0-openjdk-jre-1.8.0.332-1.b09.int.windows.x86_64/bin/jsdt.dll
java-1.8.0-openjdk-jre-1.8.0.332-1.b09.int.windows.x86_64/bin/jsound.dll
java-1.8.0-openjdk-jre-1.8.0.332-1.b09.int.windows.x86_64/bin/jsoundds.dll
java-1.8.0-openjdk-jre-1.8.0.332-1.b09.int.windows.x86_64/bin/keytool.exe
java-1.8.0-openjdk-jre-1.8.0.332-1.b09.int.windows.x86_64/bin/kinit.exe
java-1.8.0-openjdk-jre-1.8.0.332-1.b09.int.windows.x86_64/bin/klist.exe
java-1.8.0-openjdk-jre-1.8.0.332-1.b09.int.windows.x86_64/bin/ktab.exe
java-1.8.0-openjdk-jre-1.8.0.332-1.b09.int.windows.x86_64/bin/lcms.dll
java-1.8.0-openjdk-jre-1.8.0.332-1.b09.int.windows.x86_64/bin/management.dll
java-1.8.0-openjdk-jre-1.8.0.332-1.b09.int.windows.x86_64/bin/mlib_image.dll
java-1.8.0-openjdk-jre-1.8.0.332-1.b09.int.windows.x86_64/bin/msvcr100.dll
java-1.8.0-openjdk-jre-1.8.0.332-1.b09.int.windows.x86_64/bin/net.dll
java-1.8.0-openjdk-jre-1.8.0.332-1.b09.int.windows.x86_64/bin/nio.dll
java-1.8.0-openjdk-jre-1.8.0.332-1.b09.int.windows.x86_64/bin/npt.dll
java-1.8.0-openjdk-jre-1.8.0.332-1.b09.int.windows.x86_64/bin/orbd.exe
java-1.8.0-openjdk-jre-1.8.0.332-1.b09.int.windows.x86_64/bin/pack200.exe
java-1.8.0-openjdk-jre-1.8.0.332-1.b09.int.windows.x86_64/bin/policytool.exe
java-1.8.0-openjdk-jre-1.8.0.332-1.b09.int.windows.x86_64/bin/rmid.exe
java-1.8.0-openjdk-jre-1.8.0.332-1.b09.int.windows.x86_64/bin/rmiregistry.exe
java-1.8.0-openjdk-jre-1.8.0.332-1.b09.int.windows.x86_64/bin/sawindbg.dll
java-1.8.0-openjdk-jre-1.8.0.332-1.b09.int.windows.x86_64/bin/server/
java-1.8.0-openjdk-jre-1.8.0.332-1.b09.int.windows.x86_64/bin/server/jvm.dll
java-1.8.0-openjdk-jre-1.8.0.332-1.b09.int.windows.x86_64/bin/server/Xusage.txt
java-1.8.0-openjdk-jre-1.8.0.332-1.b09.int.windows.x86_64/bin/servertool.exe
java-1.8.0-openjdk-jre-1.8.0.332-1.b09.int.windows.x86_64/bin/splashscreen.dll
java-1.8.0-openjdk-jre-1.8.0.332-1.b09.int.windows.x86_64/bin/sunec.dll
java-1.8.0-openjdk-jre-1.8.0.332-1.b09.int.windows.x86_64/bin/sunmscapi.dll
java-1.8.0-openjdk-jre-1.8.0.332-1.b09.int.windows.x86_64/bin/tnameserv.exe
java-1.8.0-openjdk-jre-1.8.0.332-1.b09.int.windows.x86_64/bin/unpack.dll
java-1.8.0-openjdk-jre-1.8.0.332-1.b09.int.windows.x86_64/bin/unpack200.exe
java-1.8.0-openjdk-jre-1.8.0.332-1.b09.int.windows.x86_64/bin/verify.dll
java-1.8.0-openjdk-jre-1.8.0.332-1.b09.int.windows.x86_64/bin/w2k_lsa_auth.dll
java-1.8.0-openjdk-jre-1.8.0.332-1.b09.int.windows.x86_64/bin/WindowsAccessBridge-64.dll
java-1.8.0-openjdk-jre-1.8.0.332-1.b09.int.windows.x86_64/bin/zip.dll
java-1.8.0-openjdk-jre-1.8.0.332-1.b09.int.windows.x86_64/lib/
java-1.8.0-openjdk-jre-1.8.0.332-1.b09.int.windows.x86_64/lib/accessibility.properties
java-1.8.0-openjdk-jre-1.8.0.332-1.b09.int.windows.x86_64/lib/amd64/
java-1.8.0-openjdk-jre-1.8.0.332-1.b09.int.windows.x86_64/lib/amd64/jvm.cfg
java-1.8.0-openjdk-jre-1.8.0.332-1.b09.int.windows.x86_64/lib/applet/
java-1.8.0-openjdk-jre-1.8.0.332-1.b09.int.windows.x86_64/lib/calendars.properties
java-1.8.0-openjdk-jre-1.8.0.332-1.b09.int.windows.x86_64/lib/charsets.jar
java-1.8.0-openjdk-jre-1.8.0.332-1.b09.int.windows.x86_64/lib/classlist
java-1.8.0-openjdk-jre-1.8.0.332-1.b09.int.windows.x86_64/lib/cmm/
java-1.8.0-openjdk-jre-1.8.0.332-1.b09.int.windows.x86_64/lib/cmm/CIEXYZ.pf
java-1.8.0-openjdk-jre-1.8.0.332-1.b09.int.windows.x86_64/lib/cmm/GRAY.pf
java-1.8.0-openjdk-jre-1.8.0.332-1.b09.int.windows.x86_64/lib/cmm/LINEAR_RGB.pf
java-1.8.0-openjdk-jre-1.8.0.332-1.b09.int.windows.x86_64/lib/cmm/PYCC.pf
java-1.8.0-openjdk-jre-1.8.0.332-1.b09.int.windows.x86_64/lib/cmm/sRGB.pf
java-1.8.0-openjdk-jre-1.8.0.332-1.b09.int.windows.x86_64/lib/content-types.properties
java-1.8.0-openjdk-jre-1.8.0.332-1.b09.int.windows.x86_64/lib/currency.data
java-1.8.0-openjdk-jre-1.8.0.332-1.b09.int.windows.x86_64/lib/ext/
java-1.8.0-openjdk-jre-1.8.0.332-1.b09.int.windows.x86_64/lib/ext/access-bridge-64.jar
java-1.8.0-openjdk-jre-1.8.0.332-1.b09.int.windows.x86_64/lib/ext/cldrdata.jar
java-1.8.0-openjdk-jre-1.8.0.332-1.b09.int.windows.x86_64/lib/ext/dnsns.jar
java-1.8.0-openjdk-jre-1.8.0.332-1.b09.int.windows.x86_64/lib/ext/jaccess.jar
java-1.8.0-openjdk-jre-1.8.0.332-1.b09.int.windows.x86_64/lib/ext/localedata.jar
java-1.8.0-openjdk-jre-1.8.0.332-1.b09.int.windows.x86_64/lib/ext/meta-index
java-1.8.0-openjdk-jre-1.8.0.332-1.b09.int.windows.x86_64/lib/ext/nashorn.jar
java-1.8.0-openjdk-jre-1.8.0.332-1.b09.int.windows.x86_64/lib/ext/sunec.jar
java-1.8.0-openjdk-jre-1.8.0.332-1.b09.int.windows.x86_64/lib/ext/sunjce_provider.jar
java-1.8.0-openjdk-jre-1.8.0.332-1.b09.int.windows.x86_64/lib/ext/sunmscapi.jar
java-1.8.0-openjdk-jre-1.8.0.332-1.b09.int.windows.x86_64/lib/ext/sunpkcs11.jar
java-1.8.0-openjdk-jre-1.8.0.332-1.b09.int.windows.x86_64/lib/ext/zipfs.jar
java-1.8.0-openjdk-jre-1.8.0.332-1.b09.int.windows.x86_64/lib/flavormap.properties
java-1.8.0-openjdk-jre-1.8.0.332-1.b09.int.windows.x86_64/lib/fontconfig.bfc
java-1.8.0-openjdk-jre-1.8.0.332-1.b09.int.windows.x86_64/lib/fontconfig.properties.src
java-1.8.0-openjdk-jre-1.8.0.332-1.b09.int.windows.x86_64/lib/fonts/
java-1.8.0-openjdk-jre-1.8.0.332-1.b09.int.windows.x86_64/lib/fonts/DejaVuSans-Bold.ttf
java-1.8.0-openjdk-jre-1.8.0.332-1.b09.int.windows.x86_64/lib/fonts/DejaVuSans-BoldOblique.ttf
java-1.8.0-openjdk-jre-1.8.0.332-1.b09.int.windows.x86_64/lib/fonts/DejaVuSans-ExtraLight.ttf
java-1.8.0-openjdk-jre-1.8.0.332-1.b09.int.windows.x86_64/lib/fonts/DejaVuSans-Oblique.ttf
java-1.8.0-openjdk-jre-1.8.0.332-1.b09.int.windows.x86_64/lib/fonts/DejaVuSans.ttf
java-1.8.0-openjdk-jre-1.8.0.332-1.b09.int.windows.x86_64/lib/fonts/DejaVuSansCondensed-Bold.ttf
java-1.8.0-openjdk-jre-1.8.0.332-1.b09.int.windows.x86_64/lib/fonts/DejaVuSansCondensed-BoldOblique.ttf
java-1.8.0-openjdk-jre-1.8.0.332-1.b09.int.windows.x86_64/lib/fonts/DejaVuSansCondensed-Oblique.ttf
java-1.8.0-openjdk-jre-1.8.0.332-1.b09.int.windows.x86_64/lib/fonts/DejaVuSansCondensed.ttf
java-1.8.0-openjdk-jre-1.8.0.332-1.b09.int.windows.x86_64/lib/fonts/DejaVuSansMono-Bold.ttf
java-1.8.0-openjdk-jre-1.8.0.332-1.b09.int.windows.x86_64/lib/fonts/DejaVuSansMono-BoldOblique.ttf
java-1.8.0-openjdk-jre-1.8.0.332-1.b09.int.windows.x86_64/lib/fonts/DejaVuSansMono-Oblique.ttf
java-1.8.0-openjdk-jre-1.8.0.332-1.b09.int.windows.x86_64/lib/fonts/DejaVuSansMono.ttf
java-1.8.0-openjdk-jre-1.8.0.332-1.b09.int.windows.x86_64/lib/fonts/DejaVuSerif-Bold.ttf
java-1.8.0-openjdk-jre-1.8.0.332-1.b09.int.windows.x86_64/lib/fonts/DejaVuSerif-BoldItalic.ttf
java-1.8.0-openjdk-jre-1.8.0.332-1.b09.int.windows.x86_64/lib/fonts/DejaVuSerif-Italic.ttf
java-1.8.0-openjdk-jre-1.8.0.332-1.b09.int.windows.x86_64/lib/fonts/DejaVuSerif.ttf
java-1.8.0-openjdk-jre-1.8.0.332-1.b09.int.windows.x86_64/lib/fonts/DejaVuSerifCondensed-Bold.ttf
java-1.8.0-openjdk-jre-1.8.0.332-1.b09.int.windows.x86_64/lib/fonts/DejaVuSerifCondensed-BoldItalic.ttf
java-1.8.0-openjdk-jre-1.8.0.332-1.b09.int.windows.x86_64/lib/fonts/DejaVuSerifCondensed-Italic.ttf
java-1.8.0-openjdk-jre-1.8.0.332-1.b09.int.windows.x86_64/lib/fonts/DejaVuSerifCondensed.ttf
java-1.8.0-openjdk-jre-1.8.0.332-1.b09.int.windows.x86_64/lib/hijrah-config-umalqura.properties
java-1.8.0-openjdk-jre-1.8.0.332-1.b09.int.windows.x86_64/lib/images/
java-1.8.0-openjdk-jre-1.8.0.332-1.b09.int.windows.x86_64/lib/images/cursors/
java-1.8.0-openjdk-jre-1.8.0.332-1.b09.int.windows.x86_64/lib/images/cursors/cursors.properties
java-1.8.0-openjdk-jre-1.8.0.332-1.b09.int.windows.x86_64/lib/images/cursors/invalid32x32.gif
java-1.8.0-openjdk-jre-1.8.0.332-1.b09.int.windows.x86_64/lib/images/cursors/win32_CopyDrop32x32.gif
java-1.8.0-openjdk-jre-1.8.0.332-1.b09.int.windows.x86_64/lib/images/cursors/win32_CopyNoDrop32x32.gif
java-1.8.0-openjdk-jre-1.8.0.332-1.b09.int.windows.x86_64/lib/images/cursors/win32_LinkDrop32x32.gif
java-1.8.0-openjdk-jre-1.8.0.332-1.b09.int.windows.x86_64/lib/images/cursors/win32_LinkNoDrop32x32.gif
java-1.8.0-openjdk-jre-1.8.0.332-1.b09.int.windows.x86_64/lib/images/cursors/win32_MoveDrop32x32.gif
java-1.8.0-openjdk-jre-1.8.0.332-1.b09.int.windows.x86_64/lib/images/cursors/win32_MoveNoDrop32x32.gif
java-1.8.0-openjdk-jre-1.8.0.332-1.b09.int.windows.x86_64/lib/jce.jar
java-1.8.0-openjdk-jre-1.8.0.332-1.b09.int.windows.x86_64/lib/jfr/
java-1.8.0-openjdk-jre-1.8.0.332-1.b09.int.windows.x86_64/lib/jfr/default.jfc
java-1.8.0-openjdk-jre-1.8.0.332-1.b09.int.windows.x86_64/lib/jfr/profile.jfc
java-1.8.0-openjdk-jre-1.8.0.332-1.b09.int.windows.x86_64/lib/jfr.jar
java-1.8.0-openjdk-jre-1.8.0.332-1.b09.int.windows.x86_64/lib/jsse.jar
java-1.8.0-openjdk-jre-1.8.0.332-1.b09.int.windows.x86_64/lib/jvm.hprof.txt
java-1.8.0-openjdk-jre-1.8.0.332-1.b09.int.windows.x86_64/lib/logging.properties
java-1.8.0-openjdk-jre-1.8.0.332-1.b09.int.windows.x86_64/lib/management/
java-1.8.0-openjdk-jre-1.8.0.332-1.b09.int.windows.x86_64/lib/management/jmxremote.access
java-1.8.0-openjdk-jre-1.8.0.332-1.b09.int.windows.x86_64/lib/management/jmxremote.password.template
java-1.8.0-openjdk-jre-1.8.0.332-1.b09.int.windows.x86_64/lib/management/management.properties
java-1.8.0-openjdk-jre-1.8.0.332-1.b09.int.windows.x86_64/lib/management/snmp.acl.template
java-1.8.0-openjdk-jre-1.8.0.332-1.b09.int.windows.x86_64/lib/management-agent.jar
java-1.8.0-openjdk-jre-1.8.0.332-1.b09.int.windows.x86_64/lib/meta-index
java-1.8.0-openjdk-jre-1.8.0.332-1.b09.int.windows.x86_64/lib/net.properties
java-1.8.0-openjdk-jre-1.8.0.332-1.b09.int.windows.x86_64/lib/psfont.properties.ja
java-1.8.0-openjdk-jre-1.8.0.332-1.b09.int.windows.x86_64/lib/psfontj2d.properties
java-1.8.0-openjdk-jre-1.8.0.332-1.b09.int.windows.x86_64/lib/resources.jar
java-1.8.0-openjdk-jre-1.8.0.332-1.b09.int.windows.x86_64/lib/rt.jar
java-1.8.0-openjdk-jre-1.8.0.332-1.b09.int.windows.x86_64/lib/security/
java-1.8.0-openjdk-jre-1.8.0.332-1.b09.int.windows.x86_64/lib/security/blacklisted.certs
java-1.8.0-openjdk-jre-1.8.0.332-1.b09.int.windows.x86_64/lib/security/cacerts
java-1.8.0-openjdk-jre-1.8.0.332-1.b09.int.windows.x86_64/lib/security/java.policy
java-1.8.0-openjdk-jre-1.8.0.332-1.b09.int.windows.x86_64/lib/security/java.security
java-1.8.0-openjdk-jre-1.8.0.332-1.b09.int.windows.x86_64/lib/security/policy/
java-1.8.0-openjdk-jre-1.8.0.332-1.b09.int.windows.x86_64/lib/security/policy/limited/
java-1.8.0-openjdk-jre-1.8.0.332-1.b09.int.windows.x86_64/lib/security/policy/limited/local_policy.jar
java-1.8.0-openjdk-jre-1.8.0.332-1.b09.int.windows.x86_64/lib/security/policy/limited/US_export_policy.jar
java-1.8.0-openjdk-jre-1.8.0.332-1.b09.int.windows.x86_64/lib/security/policy/unlimited/
java-1.8.0-openjdk-jre-1.8.0.332-1.b09.int.windows.x86_64/lib/security/policy/unlimited/local_policy.jar
java-1.8.0-openjdk-jre-1.8.0.332-1.b09.int.windows.x86_64/lib/security/policy/unlimited/US_export_policy.jar
java-1.8.0-openjdk-jre-1.8.0.332-1.b09.int.windows.x86_64/lib/sound.properties
java-1.8.0-openjdk-jre-1.8.0.332-1.b09.int.windows.x86_64/lib/tzdb.dat
java-1.8.0-openjdk-jre-1.8.0.332-1.b09.int.windows.x86_64/lib/tzmappings